\BOOKMARK [0][-]{chapter*.1}{\376\377\000R\000e\000m\000e\000r\000c\000i\000e\000m\000e\000n\000t\000s}{}% 1
\BOOKMARK [0][-]{chapter*.2}{\376\377\000R\000\351\000s\000u\000m\000\351}{}% 2
\BOOKMARK [0][-]{chapter*.3}{\376\377\000A\000b\000s\000t\000r\000a\000c\000t}{}% 3
\BOOKMARK [0][-]{chapter*.4}{\376\377\000L\000i\000s\000t\000e\000\040\000d\000e\000s\000\040\000A\000b\000r\000\351\000v\000i\000a\000t\000i\000o\000n\000s}{}% 4
\BOOKMARK [0][-]{chapter*.5}{\376\377\000I\000n\000t\000r\000o\000d\000u\000c\000t\000i\000o\000n\000\040\000G\000\351\000n\000\351\000r\000a\000l\000e}{}% 5
\BOOKMARK [0][-]{chapter.1}{\376\377\000C\000o\000n\000t\000e\000x\000t\000e\000\040\000i\000n\000d\000u\000s\000t\000r\000i\000e\000l\000\040\000e\000t\000\040\000c\000a\000d\000r\000e\000\040\000d\000u\000\040\000p\000r\000o\000j\000e\000t}{}% 6
\BOOKMARK [1][-]{section.1.1}{\376\377\000I\000n\000t\000r\000o\000d\000u\000c\000t\000i\000o\000n}{chapter.1}% 7
\BOOKMARK [1][-]{section.1.2}{\376\377\000P\000r\000\351\000s\000e\000n\000t\000a\000t\000i\000o\000n\000\040\000d\000e\000\040\000l\000'\000e\000n\000t\000r\000e\000p\000r\000i\000s\000e\000\040\000d\000'\000a\000c\000c\000u\000e\000i\000l}{chapter.1}% 8
\BOOKMARK [2][-]{subsection.1.2.1}{\376\377\000P\000u\000r\000s\000u\000i\000t\000\040\000A\000e\000r\000o\000s\000p\000a\000c\000e\000\040\000d\000a\000n\000s\000\040\000l\000e\000\040\000m\000o\000n\000d\000e}{section.1.2}% 9
\BOOKMARK [2][-]{subsection.1.2.2}{\376\377\000P\000u\000r\000s\000u\000i\000t\000\040\000A\000e\000r\000o\000s\000p\000a\000c\000e\000\040\000T\000u\000n\000i\000s\000i\000a}{section.1.2}% 10
\BOOKMARK [2][-]{subsection.1.2.3}{\376\377\000P\000r\000o\000d\000u\000i\000t\000s\000\040\000e\000t\000\040\000f\000a\000m\000i\000l\000l\000e\000s\000\040\000d\000e\000\040\000p\000r\000o\000d\000u\000i\000t\000s}{section.1.2}% 11
\BOOKMARK [2][-]{subsection.1.2.4}{\376\377\000C\000l\000i\000e\000n\000t\000s\000\040\000e\000t\000\040\000e\000x\000i\000g\000e\000n\000c\000e\000s\000\040\000q\000u\000a\000l\000i\000t\000\351}{section.1.2}% 12
\BOOKMARK [2][-]{subsection.1.2.5}{\376\377\000C\000e\000r\000t\000i\000f\000i\000c\000a\000t\000i\000o\000n\000s\000\040\000e\000t\000\040\000s\000y\000s\000t\000\350\000m\000e\000\040\000q\000u\000a\000l\000i\000t\000\351}{section.1.2}% 13
\BOOKMARK [2][-]{subsection.1.2.6}{\376\377\000O\000r\000g\000a\000n\000i\000s\000a\000t\000i\000o\000n\000\040\000g\000\351\000n\000\351\000r\000a\000l\000e}{section.1.2}% 14
\BOOKMARK [1][-]{section.1.3}{\376\377\000L\000e\000s\000\040\000c\000e\000r\000a\000m\000i\000c\000\040\000c\000o\000r\000e\000s\000\040\000c\000h\000e\000z\000\040\000P\000u\000r\000s\000u\000i\000t\000\040\000A\000e\000r\000o\000s\000p\000a\000c\000e}{chapter.1}% 15
\BOOKMARK [2][-]{subsection.1.3.1}{\376\377\000R\000\364\000l\000e\000\040\000d\000a\000n\000s\000\040\000l\000e\000\040\000p\000r\000o\000c\000\351\000d\000\351\000\040\000d\000e\000\040\000f\000a\000b\000r\000i\000c\000a\000t\000i\000o\000n\000\040\000e\000t\000\040\000u\000t\000i\000l\000i\000s\000a\000t\000i\000o\000n\000\040\000a\000u\000\040\000s\000i\000t\000e\000\040\000E\000l\000\040\000M\000g\000h\000i\000r\000a}{section.1.3}% 16
\BOOKMARK [2][-]{subsection.1.3.2}{\376\377\000I\000n\000s\000p\000e\000c\000t\000i\000o\000n\000\040\000a\000c\000t\000u\000e\000l\000l\000e\000\040\000d\000e\000s\000\040\000c\000e\000r\000a\000m\000i\000c\000\040\000c\000o\000r\000e\000s\000\040\000:\000\040\000p\000r\000i\000n\000c\000i\000p\000e\000,\000\040\000m\000o\000y\000e\000n\000s\000\040\000e\000t\000\040\000l\000i\000m\000i\000t\000e\000s}{section.1.3}% 17
\BOOKMARK [1][-]{section.1.4}{\376\377\000L\000a\000\040\000p\000i\000\350\000c\000e\000\040\000M\0000\0000\000\040\000:\000\040\000g\000\351\000o\000m\000\351\000t\000r\000i\000e\000\040\000e\000t\000\040\000s\000u\000r\000f\000a\000c\000e\000s\000\040\000c\000r\000i\000t\000i\000q\000u\000e\000s}{chapter.1}% 18
\BOOKMARK [2][-]{subsection.1.4.1}{\376\377\000D\000e\000s\000c\000r\000i\000p\000t\000i\000o\000n\000\040\000g\000\351\000n\000\351\000r\000a\000l\000e\000\040\000e\000t\000\040\000g\000\351\000o\000m\000\351\000t\000r\000i\000e\000\040\000d\000e\000s\000\040\000v\000e\000i\000n\000e\000s\000\040\000i\000n\000t\000e\000r\000n\000e\000s}{section.1.4}% 19
\BOOKMARK [2][-]{subsection.1.4.2}{\376\377\000D\000\351\000f\000a\000u\000t\000s\000\040\000c\000i\000b\000l\000\351\000s\000,\000\040\000t\000a\000i\000l\000l\000e\000\040\000m\000i\000n\000i\000m\000a\000l\000e\000\040\000e\000t\000\040\000d\000i\000f\000f\000i\000c\000u\000l\000t\000\351\000s\000\040\000d\000e\000\040\000d\000\351\000t\000e\000c\000t\000i\000o\000n}{section.1.4}% 20
\BOOKMARK [1][-]{section.1.5}{\376\377\000P\000r\000o\000b\000l\000\351\000m\000a\000t\000i\000q\000u\000e\000,\000\040\000o\000b\000j\000e\000c\000t\000i\000f\000s\000\040\000e\000t\000\040\000m\000\351\000t\000h\000o\000d\000o\000l\000o\000g\000i\000e\000\040\000a\000d\000o\000p\000t\000\351\000e}{chapter.1}% 21
\BOOKMARK [1][-]{section.1.6}{\376\377\000C\000o\000n\000c\000l\000u\000s\000i\000o\000n}{chapter.1}% 22
\BOOKMARK [0][-]{chapter.2}{\376\377\000A\000n\000a\000l\000y\000s\000e\000\040\000d\000e\000s\000\040\000b\000e\000s\000o\000i\000n\000s\000\040\000e\000t\000\040\000s\000p\000\351\000c\000i\000f\000i\000c\000a\000t\000i\000o\000n\000\040\000d\000e\000s\000\040\000e\000x\000i\000g\000e\000n\000c\000e\000s}{}% 23
\BOOKMARK [1][-]{section.2.1}{\376\377\000I\000n\000t\000r\000o\000d\000u\000c\000t\000i\000o\000n}{chapter.2}% 24
\BOOKMARK [1][-]{section.2.2}{\376\377\000D\000\351\000l\000i\000m\000i\000t\000a\000t\000i\000o\000n\000\040\000d\000u\000\040\000s\000y\000s\000t\000\350\000m\000e\000\040\000e\000t\000\040\000a\000n\000a\000l\000y\000s\000e\000\040\000d\000e\000s\000\040\000i\000n\000t\000e\000r\000a\000c\000t\000i\000o\000n\000s}{chapter.2}% 25
\BOOKMARK [2][-]{subsection.2.2.1}{\376\377\000D\000i\000a\000g\000r\000a\000m\000m\000e\000\040\000d\000e\000\040\000c\000o\000n\000t\000e\000x\000t\000e}{section.2.2}% 26
\BOOKMARK [2][-]{subsection.2.2.2}{\376\377\000A\000n\000a\000l\000y\000s\000e\000\040\000d\000e\000s\000\040\000i\000n\000t\000e\000r\000a\000c\000t\000i\000o\000n\000s\000\040\000s\000y\000s\000t\000\350\000m\000e\000-\000e\000n\000v\000i\000r\000o\000n\000n\000e\000m\000e\000n\000t}{section.2.2}% 27
\BOOKMARK [1][-]{section.2.3}{\376\377\000C\000a\000s\000\040\000d\000'\000u\000t\000i\000l\000i\000s\000a\000t\000i\000o\000n}{chapter.2}% 28
\BOOKMARK [2][-]{subsection.2.3.1}{\376\377\000I\000d\000e\000n\000t\000i\000f\000i\000c\000a\000t\000i\000o\000n\000\040\000d\000e\000s\000\040\000a\000c\000t\000e\000u\000r\000s}{section.2.3}% 29
\BOOKMARK [2][-]{subsection.2.3.2}{\376\377\000D\000i\000a\000g\000r\000a\000m\000m\000e\000\040\000d\000e\000\040\000c\000a\000s\000\040\000d\000'\000u\000t\000i\000l\000i\000s\000a\000t\000i\000o\000n}{section.2.3}% 30
\BOOKMARK [2][-]{subsection.2.3.3}{\376\377\000D\000e\000s\000c\000r\000i\000p\000t\000i\000o\000n\000\040\000s\000y\000n\000t\000h\000\351\000t\000i\000q\000u\000e\000\040\000d\000e\000s\000\040\000c\000a\000s\000\040\000d\000'\000u\000t\000i\000l\000i\000s\000a\000t\000i\000o\000n}{section.2.3}% 31
\BOOKMARK [1][-]{section.2.4}{\376\377\000S\000p\000\351\000c\000i\000f\000i\000c\000a\000t\000i\000o\000n\000\040\000d\000e\000s\000\040\000e\000x\000i\000g\000e\000n\000c\000e\000s}{chapter.2}% 32
\BOOKMARK [2][-]{subsection.2.4.1}{\376\377\000E\000x\000i\000g\000e\000n\000c\000e\000s\000\040\000f\000o\000n\000c\000t\000i\000o\000n\000n\000e\000l\000l\000e\000s}{section.2.4}% 33
\BOOKMARK [2][-]{subsection.2.4.2}{\376\377\000E\000x\000i\000g\000e\000n\000c\000e\000s\000\040\000n\000o\000n\000\040\000f\000o\000n\000c\000t\000i\000o\000n\000n\000e\000l\000l\000e\000s}{section.2.4}% 34
\BOOKMARK [2][-]{subsection.2.4.3}{\376\377\000C\000r\000i\000t\000\350\000r\000e\000s\000\040\000d\000e\000\040\000v\000a\000l\000i\000d\000a\000t\000i\000o\000n\000\040\000a\000s\000s\000o\000c\000i\000\351\000s}{section.2.4}% 35
\BOOKMARK [1][-]{section.2.5}{\376\377\000D\000\351\000c\000o\000m\000p\000o\000s\000i\000t\000i\000o\000n\000\040\000f\000o\000n\000c\000t\000i\000o\000n\000n\000e\000l\000l\000e\000\040\000d\000u\000\040\000s\000y\000s\000t\000\350\000m\000e}{chapter.2}% 36
\BOOKMARK [2][-]{subsection.2.5.1}{\376\377\000S\000o\000u\000s\000-\000s\000y\000s\000t\000\350\000m\000e\000s\000\040\000p\000r\000i\000n\000c\000i\000p\000a\000u\000x}{section.2.5}% 37
\BOOKMARK [2][-]{subsection.2.5.2}{\376\377\000C\000y\000c\000l\000e\000\040\000o\000p\000\351\000r\000a\000t\000i\000o\000n\000n\000e\000l\000\040\000d\000'\000i\000n\000s\000p\000e\000c\000t\000i\000o\000n}{section.2.5}% 38
\BOOKMARK [1][-]{section.2.6}{\376\377\000A\000n\000a\000l\000y\000s\000e\000\040\000p\000r\000\351\000l\000i\000m\000i\000n\000a\000i\000r\000e\000\040\000d\000e\000s\000\040\000r\000i\000s\000q\000u\000e\000s}{chapter.2}% 39
\BOOKMARK [1][-]{section.2.7}{\376\377\000C\000o\000n\000c\000l\000u\000s\000i\000o\000n}{chapter.2}% 40
\BOOKMARK [0][-]{chapter.3}{\376\377\000C\000o\000n\000c\000e\000p\000t\000i\000o\000n\000\040\000d\000u\000\040\000S\000y\000s\000t\000\350\000m\000e\000\040\000V\000i\000s\000i\000o\000n\000G\000u\000a\000r\000d}{}% 41
\BOOKMARK [1][-]{section.3.1}{\376\377\000S\000o\000u\000s\000-\000s\000y\000s\000t\000\350\000m\000e\000\040\000m\000\351\000c\000a\000n\000i\000q\000u\000e}{chapter.3}% 42
\BOOKMARK [2][-]{subsection.3.1.1}{\376\377\000T\000a\000b\000l\000e\000\040\000d\000'\000i\000n\000d\000e\000x\000a\000t\000i\000o\000n\000\040\000r\000o\000t\000a\000t\000i\000v\000e}{section.3.1}% 43
\BOOKMARK [2][-]{subsection.3.1.2}{\376\377\000M\000\351\000c\000a\000n\000i\000s\000m\000e\000\040\000d\000e\000\040\000p\000o\000s\000i\000t\000i\000o\000n\000n\000e\000m\000e\000n\000t\000\040\000c\000a\000m\000\351\000r\000a}{section.3.1}% 44
\BOOKMARK [2][-]{subsection.3.1.3}{\376\377\000S\000t\000r\000u\000c\000t\000u\000r\000e\000\040\000m\000\351\000c\000a\000n\000i\000q\000u\000e}{section.3.1}% 45
\BOOKMARK [1][-]{section.3.2}{\376\377\000S\000o\000u\000s\000-\000s\000y\000s\000t\000\350\000m\000e\000\040\000d\000e\000\040\000v\000i\000s\000i\000o\000n}{chapter.3}% 46
\BOOKMARK [2][-]{subsection.3.2.1}{\376\377\000S\000\351\000l\000e\000c\000t\000i\000o\000n\000\040\000d\000e\000\040\000l\000a\000\040\000c\000a\000m\000\351\000r\000a}{section.3.2}% 47
\BOOKMARK [2][-]{subsection.3.2.2}{\376\377\000O\000p\000t\000i\000q\000u\000e}{section.3.2}% 48
\BOOKMARK [2][-]{subsection.3.2.3}{\376\377\000\311\000c\000l\000a\000i\000r\000a\000g\000e}{section.3.2}% 49
\BOOKMARK [1][-]{section.3.3}{\376\377\000S\000o\000u\000s\000-\000s\000y\000s\000t\000\350\000m\000e\000\040\000\351\000l\000e\000c\000t\000r\000o\000n\000i\000q\000u\000e\000\040\000e\000t\000\040\000c\000o\000n\000t\000r\000\364\000l\000e}{chapter.3}% 50
\BOOKMARK [2][-]{subsection.3.3.1}{\376\377\000A\000r\000c\000h\000i\000t\000e\000c\000t\000u\000r\000e\000\040\000m\000a\000t\000\351\000r\000i\000e\000l\000l\000e}{section.3.3}% 51
\BOOKMARK [2][-]{subsection.3.3.2}{\376\377\000D\000r\000i\000v\000e\000r\000\040\000m\000o\000t\000e\000u\000r\000\040\000T\000M\000C\0002\0002\0000\0008}{section.3.3}% 52
\BOOKMARK [2][-]{subsection.3.3.3}{\376\377\000A\000l\000i\000m\000e\000n\000t\000a\000t\000i\000o\000n}{section.3.3}% 53
\BOOKMARK [2][-]{subsection.3.3.4}{\376\377\000A\000s\000s\000i\000g\000n\000a\000t\000i\000o\000n\000\040\000d\000e\000s\000\040\000b\000r\000o\000c\000h\000e\000s\000\040\000S\000T\000M\0003\0002}{section.3.3}% 54
\BOOKMARK [1][-]{section.3.4}{\376\377\000S\000o\000u\000s\000-\000s\000y\000s\000t\000\350\000m\000e\000\040\000l\000o\000g\000i\000c\000i\000e\000l}{chapter.3}% 55
\BOOKMARK [2][-]{subsection.3.4.1}{\376\377\000A\000r\000c\000h\000i\000t\000e\000c\000t\000u\000r\000e\000\040\000l\000o\000g\000i\000c\000i\000e\000l\000l\000e\000\040\000g\000l\000o\000b\000a\000l\000e}{section.3.4}% 56
\BOOKMARK [2][-]{subsection.3.4.2}{\376\377\000F\000i\000r\000m\000w\000a\000r\000e\000\040\000S\000T\000M\0003\0002\000\040\040\024\000\040\000C\000o\000n\000t\000r\000\364\000l\000e\000\040\000m\000o\000u\000v\000e\000m\000e\000n\000t}{section.3.4}% 57
\BOOKMARK [2][-]{subsection.3.4.3}{\376\377\000S\000e\000r\000v\000e\000u\000r\000\040\000R\000P\000i\0005\000\040\040\024\000\040\000A\000c\000q\000u\000i\000s\000i\000t\000i\000o\000n\000\040\000i\000m\000a\000g\000e}{section.3.4}% 58
\BOOKMARK [2][-]{subsection.3.4.4}{\376\377\000O\000r\000c\000h\000e\000s\000t\000r\000a\000t\000e\000u\000r\000\040\000L\000a\000p\000t\000o\000p\000\040\040\024\000\040\000C\000o\000o\000r\000d\000i\000n\000a\000t\000i\000o\000n\000\040\000s\000y\000s\000t\000\350\000m\000e}{section.3.4}% 59
\BOOKMARK [2][-]{subsection.3.4.5}{\376\377\000P\000r\000o\000t\000o\000c\000o\000l\000e\000\040\000d\000e\000\040\000c\000o\000m\000m\000u\000n\000i\000c\000a\000t\000i\000o\000n\000\040\000U\000A\000R\000T}{section.3.4}% 60
\BOOKMARK [2][-]{subsection.3.4.6}{\376\377\000P\000r\000o\000t\000o\000c\000o\000l\000e\000\040\000T\000C\000P\000\040\000R\000P\000i\0005}{section.3.4}% 61
\BOOKMARK [1][-]{section.3.5}{\376\377\000M\000o\000d\000u\000l\000e\000\040\000d\000'\000i\000n\000t\000e\000l\000l\000i\000g\000e\000n\000c\000e\000\040\000a\000r\000t\000i\000f\000i\000c\000i\000e\000l\000l\000e}{chapter.3}% 62
\BOOKMARK [2][-]{subsection.3.5.1}{\376\377\000A\000p\000p\000r\000o\000c\000h\000e\000\040\000d\000e\000\040\000d\000\351\000t\000e\000c\000t\000i\000o\000n}{section.3.5}% 63
\BOOKMARK [2][-]{subsection.3.5.2}{\376\377\000P\000i\000p\000e\000l\000i\000n\000e\000\040\000d\000e\000\040\000c\000o\000l\000l\000e\000c\000t\000e\000\040\000d\000e\000\040\000d\000o\000n\000n\000\351\000e\000s}{section.3.5}% 64
\BOOKMARK [2][-]{subsection.3.5.3}{\376\377\000A\000r\000c\000h\000i\000t\000e\000c\000t\000u\000r\000e\000\040\000d\000u\000\040\000m\000o\000d\000\350\000l\000e}{section.3.5}% 65
\BOOKMARK [1][-]{section.3.6}{\376\377\000C\000o\000n\000c\000l\000u\000s\000i\000o\000n}{chapter.3}% 66
\BOOKMARK [0][-]{chapter.4}{\376\377\000I\000m\000p\000l\000\351\000m\000e\000n\000t\000a\000t\000i\000o\000n\000\040\000e\000t\000\040\000T\000e\000s\000t\000s}{}% 67
\BOOKMARK [1][-]{section.4.1}{\376\377\000I\000m\000p\000l\000\351\000m\000e\000n\000t\000a\000t\000i\000o\000n\000\040\000m\000a\000t\000\351\000r\000i\000e\000l\000l\000e}{chapter.4}% 68
\BOOKMARK [2][-]{subsection.4.1.1}{\376\377\000A\000s\000s\000e\000m\000b\000l\000a\000g\000e\000\040\000m\000\351\000c\000a\000n\000i\000q\000u\000e}{section.4.1}% 69
\BOOKMARK [2][-]{subsection.4.1.2}{\376\377\000C\000\342\000b\000l\000a\000g\000e\000\040\000\351\000l\000e\000c\000t\000r\000o\000n\000i\000q\000u\000e}{section.4.1}% 70
\BOOKMARK [1][-]{section.4.2}{\376\377\000I\000m\000p\000l\000\351\000m\000e\000n\000t\000a\000t\000i\000o\000n\000\040\000l\000o\000g\000i\000c\000i\000e\000l\000l\000e}{chapter.4}% 71
\BOOKMARK [2][-]{subsection.4.2.1}{\376\377\000E\000n\000v\000i\000r\000o\000n\000n\000e\000m\000e\000n\000t\000\040\000d\000e\000\040\000d\000\351\000v\000e\000l\000o\000p\000p\000e\000m\000e\000n\000t}{section.4.2}% 72
\BOOKMARK [2][-]{subsection.4.2.2}{\376\377\000F\000i\000r\000m\000w\000a\000r\000e\000\040\000S\000T\000M\0003\0002}{section.4.2}% 73
\BOOKMARK [2][-]{subsection.4.2.3}{\376\377\000S\000c\000r\000i\000p\000t\000s\000\040\000P\000y\000t\000h\000o\000n}{section.4.2}% 74
\BOOKMARK [1][-]{section.4.3}{\376\377\000T\000e\000s\000t\000s\000\040\000e\000t\000\040\000v\000a\000l\000i\000d\000a\000t\000i\000o\000n}{chapter.4}% 75
\BOOKMARK [2][-]{subsection.4.3.1}{\376\377\000T\000e\000s\000t\000s\000\040\000d\000u\000\040\000s\000o\000u\000s\000-\000s\000y\000s\000t\000\350\000m\000e\000\040\000m\000\351\000c\000a\000n\000i\000q\000u\000e}{section.4.3}% 76
\BOOKMARK [2][-]{subsection.4.3.2}{\376\377\000T\000e\000s\000t\000s\000\040\000d\000u\000\040\000s\000o\000u\000s\000-\000s\000y\000s\000t\000\350\000m\000e\000\040\000v\000i\000s\000i\000o\000n}{section.4.3}% 77
\BOOKMARK [2][-]{subsection.4.3.3}{\376\377\000T\000e\000s\000t\000s\000\040\000d\000'\000i\000n\000t\000\351\000g\000r\000a\000t\000i\000o\000n\000\040\000s\000y\000s\000t\000\350\000m\000e}{section.4.3}% 78
\BOOKMARK [2][-]{subsection.4.3.4}{\376\377\000E\000n\000t\000r\000a\000\356\000n\000e\000m\000e\000n\000t\000\040\000e\000t\000\040\000v\000a\000l\000i\000d\000a\000t\000i\000o\000n\000\040\000d\000u\000\040\000m\000o\000d\000\350\000l\000e\000\040\000I\000A}{section.4.3}% 79
\BOOKMARK [1][-]{section.4.4}{\376\377\000C\000o\000n\000c\000l\000u\000s\000i\000o\000n}{chapter.4}% 80
\BOOKMARK [0][-]{chapter.5}{\376\377\000R\000\351\000s\000u\000l\000t\000a\000t\000s\000\040\000e\000t\000\040\000V\000a\000l\000i\000d\000a\000t\000i\000o\000n}{}% 81
\BOOKMARK [1][-]{section.5.1}{\376\377\000R\000\351\000s\000u\000l\000t\000a\000t\000s\000\040\000d\000u\000\040\000s\000y\000s\000t\000\350\000m\000e\000\040\000d\000'\000i\000n\000s\000p\000e\000c\000t\000i\000o\000n}{chapter.5}% 82
\BOOKMARK [2][-]{subsection.5.1.1}{\376\377\000P\000e\000r\000f\000o\000r\000m\000a\000n\000c\000e\000\040\000d\000u\000\040\000s\000o\000u\000s\000-\000s\000y\000s\000t\000\350\000m\000e\000\040\000m\000\351\000c\000a\000n\000i\000q\000u\000e}{section.5.1}% 83
\BOOKMARK [2][-]{subsection.5.1.2}{\376\377\000P\000e\000r\000f\000o\000r\000m\000a\000n\000c\000e\000\040\000d\000u\000\040\000s\000o\000u\000s\000-\000s\000y\000s\000t\000\350\000m\000e\000\040\000v\000i\000s\000i\000o\000n}{section.5.1}% 84
\BOOKMARK [2][-]{subsection.5.1.3}{\376\377\000P\000e\000r\000f\000o\000r\000m\000a\000n\000c\000e\000\040\000d\000u\000\040\000m\000o\000d\000\350\000l\000e\000\040\000I\000A}{section.5.1}% 85
\BOOKMARK [2][-]{subsection.5.1.4}{\376\377\000P\000e\000r\000f\000o\000r\000m\000a\000n\000c\000e\000\040\000g\000l\000o\000b\000a\000l\000e\000\040\040\024\000\040\000t\000e\000m\000p\000s\000\040\000d\000e\000\040\000c\000y\000c\000l\000e}{section.5.1}% 86
\BOOKMARK [1][-]{section.5.2}{\376\377\000V\000a\000l\000i\000d\000a\000t\000i\000o\000n\000\040\000d\000e\000s\000\040\000c\000r\000i\000t\000\350\000r\000e\000s\000\040\000d\000e\000\040\000s\000u\000c\000c\000\350\000s}{chapter.5}% 87
\BOOKMARK [1][-]{section.5.3}{\376\377\000D\000i\000s\000c\000u\000s\000s\000i\000o\000n}{chapter.5}% 88
\BOOKMARK [1][-]{section.5.4}{\376\377\000P\000e\000r\000s\000p\000e\000c\000t\000i\000v\000e\000s\000\040\000d\000'\000i\000n\000d\000u\000s\000t\000r\000i\000a\000l\000i\000s\000a\000t\000i\000o\000n}{chapter.5}% 89
\BOOKMARK [1][-]{section.5.5}{\376\377\000C\000o\000n\000c\000l\000u\000s\000i\000o\000n}{chapter.5}% 90
\BOOKMARK [0][-]{chapter*.30}{\376\377\000C\000o\000n\000c\000l\000u\000s\000i\000o\000n\000\040\000G\000\351\000n\000\351\000r\000a\000l\000e}{}% 91
\BOOKMARK [0][-]{appendix.A}{\376\377\000S\000c\000h\000\351\000m\000a\000s\000\040\000\311\000l\000e\000c\000t\000r\000o\000n\000i\000q\000u\000e\000s\000\040\000e\000t\000\040\000C\000\342\000b\000l\000a\000g\000e}{}% 92
\BOOKMARK [1][-]{section.A.1}{\376\377\000S\000c\000h\000\351\000m\000a\000\040\000d\000e\000\040\000c\000\342\000b\000l\000a\000g\000e\000\040\000c\000o\000m\000p\000l\000e\000t}{appendix.A}% 93
\BOOKMARK [1][-]{section.A.2}{\376\377\000C\000o\000n\000f\000i\000g\000u\000r\000a\000t\000i\000o\000n\000\040\000T\000M\000C\0002\0002\0000\0008}{appendix.A}% 94
\BOOKMARK [0][-]{appendix.B}{\376\377\000E\000x\000t\000r\000a\000i\000t\000s\000\040\000d\000e\000\040\000C\000o\000d\000e\000\040\000S\000o\000u\000r\000c\000e}{}% 95
\BOOKMARK [1][-]{section.B.1}{\376\377\000F\000i\000r\000m\000w\000a\000r\000e\000\040\000S\000T\000M\0003\0002\000\040\040\024\000\040\000P\000a\000r\000s\000e\000u\000r\000\040\000d\000e\000\040\000c\000o\000m\000m\000a\000n\000d\000e\000s\000\040\000U\000A\000R\000T}{appendix.B}% 96
\BOOKMARK [1][-]{section.B.2}{\376\377\000S\000c\000r\000i\000p\000t\000\040\000R\000P\000i\0005\000\040\040\024\000\040\000S\000e\000r\000v\000e\000u\000r\000\040\000T\000C\000P\000\040\000a\000c\000q\000u\000i\000s\000i\000t\000i\000o\000n}{appendix.B}% 97
